// Jest Snapshot v1, https://goo.gl/fbAQLP

exports[`createSvgIcon should return component 1`] = `
<svg
  aria-busy="true"
  clip-path="1"
  fill="currentColor"
  height="1em"
  viewBox="0 0 24 24"
  width="1em"
>
  <rect
    height="11"
    stroke="#282828"
    stroke-width="2"
    width="20"
    x="1"
    y="1"
  />
</svg>
`;
