// Jest Snapshot v1, https://goo.gl/fbAQLP

exports[`<GlobalStyles /> should render GlobalStyles correctly 1`] = `null`;
